ASxxxx Linker V03.00 + NoICE + sdld,  page 1.
Hexadecimal  [32-Bits]

Area                                    Addr        Size        Decimal Bytes (Attributes)
--------------------------------        ----        ----        ------- ----- ------------
.  .ABS.                            00000000    00000000 =           0. bytes (ABS,CON)

      Value  Global                              Global Defined In Module
      -----  --------------------------------   ------------------------
     00000000  .__.ABS.                           itoa
     00000000  _rRAMG                             
     00000000  l__BASE                         
     00000000  l__BSS                          
     00000000  l__CABS                         
     00000000  l__CODE_0                       
     00000000  l__DABS                         
     00000000  l__EMU_HEADER                   
     00000000  l__FONT_HEADER                  
     00000000  l__HEADER                       
     00000000  l__HEADER_LCD                   
     00000000  l__HEAP                         
     00000000  l__HRAM                         
     00000000  l__LIT                          
     00000000  s__CABS                         
     00000000  s__DABS                         
     00000000  s__EMU_HEADER                   
     00000000  s__EMU_HEADER0                  
     00000000  s__FONT_HEADER                  
     00000000  s__FONT_HEADER0                 
     00000000  s__HEADER                       
     00000000  s__HEADER0                      
     00000000  s__HEADER1                      
     00000000  s__HEADER10                     
     00000000  s__HEADER11                     
     00000000  s__HEADER2                      
     00000000  s__HEADER3                      
     00000000  s__HEADER4                      
     00000000  s__HEADER5                      
     00000000  s__HEADER6                      
     00000000  s__HEADER7                      
     00000000  s__HEADER8                      
     00000000  s__HEADER9                      
     00000000  s__HEADER_LCD                   
     00000000  s__HEADER_LCD0                  
     00000000  s__HEADERa                      
     00000000  s__HEADERb                      
     00000000  s__HEADERc                      
     00000000  s__HEADERd                      
     00000000  s__HEADERe                      
     00000000  s__HEADERf                      
     00000000  s__HRAM                         
     00000000  s__HRAM12                       
     00000001  l__GSFINAL                      
     00000001  l__HEADER0                      
     00000001  l__HEADER11                     
     00000001  l__HEADER9                      
     00000001  l__HEADERa                      
     00000001  l__HEADERb                      
     00000001  l__HEADERd                      
ASxxxx Linker V03.00 + NoICE + sdld,  page 2.
Hexadecimal  [32-Bits]

Area                                    Addr        Size        Decimal Bytes (Attributes)
--------------------------------        ----        ----        ------- ----- ------------
.  .ABS.                            00000000    00000000 =           0. bytes (ABS,CON)

      Value  Global                              Global Defined In Module
      -----  --------------------------------   ------------------------
     00000001  l__HEADERe                      
     00000002  l__HEADER5                      
     00000002  l__HEADERc                      
     00000002  l__HEADERf                      
     00000003  l__EMU_HEADER0                  
     00000003  l__FONT_HEADER0                 
     00000003  l__HEADER8                      
     00000003  l__HEADER_LCD0                  
     00000003  l__HRAM12                       
     00000005  l__HEADER1                      
     00000006  l__HEADER7                      
     00000007  l__HEADER2                      
     00000008  l__HEADER3                      
     0000000C  l__GSINIT                       
     0000002F  l__INITIALIZED                  
     0000002F  l__INITIALIZER                  
     00000030  l__HEADER6                      
     0000004E  l__HEADER4                      
     00000082  l__HEADER10                     
     00000138  l__CODE_2                       
     00000200  s__CODE                         
     000005C0  l__CODE_5                       
     00000671  l__CODE_1                       
     00000698  l__CODE_4                       
     00000DE3  l__HOME                         
     000010EE  l__DATA                         
     00001430  l__CODE_3                       
     00002000  _rROMB0                            
     00003000  _rROMB1                            
     00003D11  l__CODE                         
     00003F11  s__HOME                         
     00004000  _rRAMB                             
     00004CF4  s__BASE                         
     00004CF4  s__CODE_0                       
     00004CF4  s__INITIALIZER                  
     00004CF4  s__LIT                          
     00004D23  s__GSINIT                       
     00004D2F  s__GSFINAL                      
     00008000  __VRAM                             
     00008000  __VRAM8000                         
     00008800  __VRAM8800                         
     00009000  __VRAM9000                         
     00009800  __SCRN0                            
     00009C00  __SCRN1                            
     0000A000  __SRAM                             
     0000C000  __RAM                              
     0000C000  _shadow_OAM                     
     0000C0A0  s__DATA                         
     0000D000  __RAMBANK                          
     0000D18E  s__BSS                          
     0000D18E  s__INITIALIZED                  
ASxxxx Linker V03.00 + NoICE + sdld,  page 3.
Hexadecimal  [32-Bits]

Area                                    Addr        Size        Decimal Bytes (Attributes)
--------------------------------        ----        ----        ------- ----- ------------
.  .ABS.                            00000000    00000000 =           0. bytes (ABS,CON)

      Value  Global                              Global Defined In Module
      -----  --------------------------------   ------------------------
     0000D1BD  s__HEAP                         
     0000E000  .STACK                          
     0000FE00  __OAMRAM                           
     0000FF00  _P1_REG                            
     0000FF00  __IO                               
     0000FF01  _SB_REG                            
     0000FF02  _SC_REG                            
     0000FF04  _DIV_REG                           
     0000FF05  _TIMA_REG                          
     0000FF06  _TMA_REG                           
     0000FF07  _TAC_REG                           
     0000FF0F  _IF_REG                            
     0000FF10  _NR10_REG                          
     0000FF11  _NR11_REG                          
     0000FF12  _NR12_REG                          
     0000FF13  _NR13_REG                          
     0000FF14  _NR14_REG                          
     0000FF16  _NR21_REG                          
     0000FF17  _NR22_REG                          
     0000FF18  _NR23_REG                          
     0000FF19  _NR24_REG                          
     0000FF1A  _NR30_REG                          
     0000FF1B  _NR31_REG                          
     0000FF1C  _NR32_REG                          
     0000FF1D  _NR33_REG                          
     0000FF1E  _NR34_REG                          
     0000FF20  _NR41_REG                          
     0000FF21  _NR42_REG                          
     0000FF22  _NR43_REG                          
     0000FF23  _NR44_REG                          
     0000FF24  _NR50_REG                          
     0000FF25  _NR51_REG                          
     0000FF26  _NR52_REG                          
     0000FF30  _AUD3WAVE                          
     0000FF30  _PCM_SAMPLE                        
     0000FF30  __AUD3WAVERAM                      
     0000FF40  _LCDC_REG                          
     0000FF41  _STAT_REG                          
     0000FF42  _SCY_REG                           
     0000FF43  _SCX_REG                           
     0000FF44  _LY_REG                            
     0000FF45  _LYC_REG                           
     0000FF46  _DMA_REG                           
     0000FF47  _BGP_REG                           
     0000FF48  _OBP0_REG                          
     0000FF49  _OBP1_REG                          
     0000FF4A  _WY_REG                            
     0000FF4B  _WX_REG                            
     0000FF4D  _KEY1_REG                          
     0000FF4F  _VBK_REG                           
     0000FF51  _HDMA1_REG                         
ASxxxx Linker V03.00 + NoICE + sdld,  page 4.
Hexadecimal  [32-Bits]

Area                                    Addr        Size        Decimal Bytes (Attributes)
--------------------------------        ----        ----        ------- ----- ------------
.  .ABS.                            00000000    00000000 =           0. bytes (ABS,CON)

      Value  Global                              Global Defined In Module
      -----  --------------------------------   ------------------------
     0000FF52  _HDMA2_REG                         
     0000FF53  _HDMA3_REG                         
     0000FF54  _HDMA4_REG                         
     0000FF55  _HDMA5_REG                         
     0000FF56  _RP_REG                            
     0000FF68  _BCPS_REG                          
     0000FF69  _BCPD_REG                          
     0000FF6A  _OCPS_REG                          
     0000FF6B  _OCPD_REG                          
     0000FF70  _SVBK_REG                          
     0000FF76  _PCM12_REG                         
     0000FF77  _PCM34_REG                         
     0000FF80  .refresh_OAM                    
     0000FF80  __HRAM                             
     0000FFFF  _IE_REG                            
     00014000  s__CODE_1                       
     00024000  s__CODE_2                       
     00034000  s__CODE_3                       
     00044000  s__CODE_4                       
     00054000  s__CODE_5                       

ASxxxx Linker V03.00 + NoICE + sdld,  page 5.
Hexadecimal  [32-Bits]

Area                                    Addr        Size        Decimal Bytes (Attributes)
--------------------------------        ----        ----        ------- ----- ------------
_CODE                               00000200    00003D11 =       15633. bytes (REL,CON)

      Value  Global                              Global Defined In Module
      -----  --------------------------------   ------------------------
     00000200  gbt_get_pattern_ptr                
     0000021D  _gbt_play                          
     000002D8  _gbt_pause                         
     000002E4  _gbt_loop                          
     000002EB  _gbt_stop                          
     000002F6  _gbt_enable_channels               
     000002FD  _gbt_update                        
     00000402  A$sound$63                         sound
     00000402  C$sound.c$27$0_0$107               sound
     00000402  C$sound.c$28$1_0$107               sound
     00000402  G$sound_power_on$0$0               sound
     00000402  _sound_power_on                    sound
     00000404  A$sound$64                         sound
     00000406  A$sound$65                         sound
     00000409  A$sound$66                         sound
     0000040A  A$sound$70                         sound
     0000040A  C$sound.c$29$1_0$107               sound
     0000040C  A$sound$71                         sound
     0000040E  A$sound$75                         sound
     0000040E  C$sound.c$30$1_0$107               sound
     00000410  A$sound$76                         sound
     00000412  A$sound$84                         sound
     00000412  C$sound.c$31$1_0$107               sound
     00000412  XG$sound_power_on$0$0              sound
     00000413  A$sound$97                         sound
     00000413  C$sound.c$33$1_0$109               sound
     00000413  C$sound.c$36$1_0$109               sound
     00000413  G$play_laser_type$0$0              sound
     00000413  _play_laser_type                   sound
     00000415  A$sound$98                         sound
     00000416  A$sound$99                         sound
     00000417  A$sound$100                        sound
     00000419  A$sound$101                        sound
     0000041B  A$sound$102                        sound
     0000041C  A$sound$103                        sound
     0000041D  A$sound$104                        sound
     0000041F  A$sound$105                        sound
     00000421  A$sound$106                        sound
     00000422  A$sound$107                        sound
     00000424  A$sound$108                        sound
     00000426  A$sound$109                        sound
     00000427  A$sound$117                        sound
     00000427  C$sound.c$37$2_0$110               sound
     00000427  C$sound.c$38$2_0$110               sound
     0000042A  A$sound$118                        sound
     0000042C  A$sound$122                        sound
     0000042C  C$sound.c$39$2_0$110               sound
     0000042E  A$sound$123                        sound
     00000430  A$sound$127                        sound
     00000430  C$sound.c$40$2_0$110               sound
ASxxxx Linker V03.00 + NoICE + sdld,  page 6.
Hexadecimal  [32-Bits]

Area                                    Addr        Size        Decimal Bytes (Attributes)
--------------------------------        ----        ----        ------- ----- ------------
_CODE                               00000200    00003D11 =       15633. bytes (REL,CON)

      Value  Global                              Global Defined In Module
      -----  --------------------------------   ------------------------
     00000432  A$sound$128                        sound
     00000434  A$sound$132                        sound
     00000434  C$sound.c$41$2_0$110               sound
     00000437  A$sound$136                        sound
     00000437  C$sound.c$42$2_0$110               sound
     00000439  A$sound$144                        sound
     00000439  C$sound.c$44$2_0$110               sound
     00000439  C$sound.c$45$2_0$110               sound
     0000043C  A$sound$145                        sound
     0000043E  A$sound$149                        sound
     0000043E  C$sound.c$46$2_0$110               sound
     00000440  A$sound$150                        sound
     00000442  A$sound$154                        sound
     00000442  C$sound.c$47$2_0$110               sound
     00000444  A$sound$155                        sound
     00000446  A$sound$159                        sound
     00000446  C$sound.c$48$2_0$110               sound
     00000449  A$sound$163                        sound
     00000449  C$sound.c$49$2_0$110               sound
     0000044B  A$sound$171                        sound
     0000044B  C$sound.c$51$2_0$110               sound
     0000044B  C$sound.c$52$2_0$110               sound
     0000044E  A$sound$172                        sound
     00000450  A$sound$176                        sound
     00000450  C$sound.c$53$2_0$110               sound
     00000452  A$sound$177                        sound
     00000454  A$sound$181                        sound
     00000454  C$sound.c$54$2_0$110               sound
     00000456  A$sound$182                        sound
     00000458  A$sound$198                        sound
     00000458  C$sound.c$55$2_0$110               sound
     00000458  C$sound.c$56$2_0$110               sound
     00000458  C$sound.c$58$2_0$110               sound
     00000458  C$sound.c$59$2_0$110               sound
     00000458  C$sound.c$60$1_0$109               sound
     0000045B  A$sound$203                        sound
     0000045B  C$sound.c$63$1_0$109               sound
     0000045C  A$sound$204                        sound
     0000045F  A$sound$205                        sound
     00000460  A$sound$209                        sound
     00000460  C$sound.c$64$1_0$109               sound
     00000461  A$sound$210                        sound
     00000463  A$sound$211                        sound
     00000465  A$sound$212                        sound
     00000467  A$sound$213                        sound
     00000468  A$sound$221                        sound
     00000468  C$sound.c$65$1_0$109               sound
     00000468  XG$play_laser_type$0$0             sound
     00000469  A$sound$234                        sound
     00000469  C$sound.c$67$1_0$112               sound
     00000469  C$sound.c$68$1_0$112               sound
ASxxxx Linker V03.00 + NoICE + sdld,  page 7.
Hexadecimal  [32-Bits]

Area                                    Addr        Size        Decimal Bytes (Attributes)
--------------------------------        ----        ----        ------- ----- ------------
_CODE                               00000200    00003D11 =       15633. bytes (REL,CON)

      Value  Global                              Global Defined In Module
      -----  --------------------------------   ------------------------
     00000469  G$play_explosion_type$0$0          sound
     00000469  _play_explosion_type               sound
     0000046C  A$sound$235                        sound
     0000046E  A$sound$239                        sound
     0000046E  C$sound.c$70$1_0$112               sound
     00000470  A$sound$240                        sound
     00000471  A$sound$241                        sound
     00000472  A$sound$242                        sound
     00000474  A$sound$243                        sound
     00000476  A$sound$244                        sound
     00000477  A$sound$245                        sound
     00000478  A$sound$246                        sound
     0000047A  A$sound$247                        sound
     0000047C  A$sound$248                        sound
     0000047D  A$sound$249                        sound
     0000047F  A$sound$250                        sound
     00000481  A$sound$251                        sound
     00000482  A$sound$259                        sound
     00000482  C$sound.c$71$2_0$113               sound
     00000482  C$sound.c$72$2_0$113               sound
     00000485  A$sound$260                        sound
     00000487  A$sound$264                        sound
     00000487  C$sound.c$73$2_0$113               sound
     00000489  A$sound$265                        sound
     0000048B  A$sound$269                        sound
     0000048B  C$sound.c$74$2_0$113               sound
     0000048D  A$sound$277                        sound
     0000048D  C$sound.c$76$2_0$113               sound
     0000048D  C$sound.c$77$2_0$113               sound
     00000490  A$sound$278                        sound
     00000492  A$sound$282                        sound
     00000492  C$sound.c$78$2_0$113               sound
     00000494  A$sound$283                        sound
     00000496  A$sound$287                        sound
     00000496  C$sound.c$79$2_0$113               sound
     00000498  A$sound$295                        sound
     00000498  C$sound.c$81$2_0$113               sound
     00000498  C$sound.c$82$2_0$113               sound
     0000049B  A$sound$296                        sound
     0000049D  A$sound$300                        sound
     0000049D  C$sound.c$83$2_0$113               sound
     0000049F  A$sound$310                        sound
     0000049F  C$sound.c$84$2_0$113               sound
     0000049F  C$sound.c$86$2_0$113               sound
     0000049F  C$sound.c$87$1_0$112               sound
     000004A1  A$sound$315                        sound
     000004A1  C$sound.c$90$1_0$112               sound
     000004A4  A$sound$316                        sound
     000004A6  A$sound$320                        sound
     000004A6  C$sound.c$91$1_0$112               sound
     000004A8  A$sound$328                        sound
ASxxxx Linker V03.00 + NoICE + sdld,  page 8.
Hexadecimal  [32-Bits]

Area                                    Addr        Size        Decimal Bytes (Attributes)
--------------------------------        ----        ----        ------- ----- ------------
_CODE                               00000200    00003D11 =       15633. bytes (REL,CON)

      Value  Global                              Global Defined In Module
      -----  --------------------------------   ------------------------
     000004A8  C$sound.c$92$1_0$112               sound
     000004A8  XG$play_explosion_type$0$0         sound
     000004A9  A$sound$341                        sound
     000004A9  C$sound.c$94$1_0$114               sound
     000004A9  C$sound.c$96$1_0$114               sound
     000004A9  G$play_ding$0$0                    sound
     000004A9  _play_ding                         sound
     000004AC  A$sound$342                        sound
     000004AE  A$sound$346                        sound
     000004AE  C$sound.c$97$1_0$114               sound
     000004B0  A$sound$347                        sound
     000004B2  A$sound$351                        sound
     000004B2  C$sound.c$98$1_0$114               sound
     000004B4  A$sound$352                        sound
     000004B6  A$sound$356                        sound
     000004B6  C$sound.c$99$1_0$114               sound
     000004B8  A$sound$357                        sound
     000004BA  A$sound$361                        sound
     000004BA  C$sound.c$100$1_0$114              sound
     000004BC  A$sound$362                        sound
     000004BE  A$sound$370                        sound
     000004BE  C$sound.c$101$1_0$114              sound
     000004BE  XG$play_ding$0$0                   sound
     000004BF  A$sound$383                        sound
     000004BF  C$sound.c$105$1_0$116              sound
     000004BF  C$sound.c$107$1_0$116              sound
     000004BF  G$sound_request$0$0                sound
     000004BF  _sound_request                     sound
     000004C2  A$sound$384                        sound
     000004C3  A$sound$385                        sound
     000004C4  A$sound$386                        sound
     000004C6  A$sound$390                        sound
     000004C6  C$sound.c$108$1_0$116              sound
     000004C7  A$sound$391                        sound
     000004C9  A$sound$392                        sound
     000004CA  A$sound$393                        sound
     000004CB  A$sound$398                        sound
     000004CB  C$sound.c$109$2_0$117              sound
     000004CD  A$sound$399                        sound
     000004CE  A$sound$400                        sound
     000004D1  A$sound$408                        sound
     000004D1  C$sound.c$111$1_0$116              sound
     000004D1  XG$sound_request$0$0               sound
     000004D2  A$sound$421                        sound
     000004D2  C$sound.c$113$1_0$119              sound
     000004D2  C$sound.c$114$1_0$119              sound
     000004D2  G$sound_dispatch$0$0               sound
     000004D2  _sound_dispatch                    sound
     000004D5  A$sound$422                        sound
     000004D6  A$sound$423                        sound
     000004D8  A$sound$424                        sound
ASxxxx Linker V03.00 + NoICE + sdld,  page 9.
Hexadecimal  [32-Bits]

Area                                    Addr        Size        Decimal Bytes (Attributes)
--------------------------------        ----        ----        ------- ----- ------------
_CODE                               00000200    00003D11 =       15633. bytes (REL,CON)

      Value  Global                              Global Defined In Module
      -----  --------------------------------   ------------------------
     000004DB  A$sound$425                        sound
     000004DD  A$sound$426                        sound
     000004DF  A$sound$427                        sound
     000004E1  A$sound$428                        sound
     000004E3  A$sound$429                        sound
     000004E5  A$sound$430                        sound
     000004E7  A$sound$431                        sound
     000004E9  A$sound$432                        sound
     000004EB  A$sound$433                        sound
     000004ED  A$sound$441                        sound
     000004ED  C$sound.c$116$2_0$120              sound
     000004ED  C$sound.c$117$2_0$120              sound
     000004EE  A$sound$442                        sound
     000004EF  A$sound$443                        sound
     000004F0  A$sound$444                        sound
     000004F3  A$sound$445                        sound
     000004F4  A$sound$449                        sound
     000004F4  C$sound.c$118$2_0$120              sound
     000004F6  A$sound$457                        sound
     000004F6  C$sound.c$120$2_0$120              sound
     000004F6  C$sound.c$121$2_0$120              sound
     000004F8  A$sound$458                        sound
     000004F9  A$sound$459                        sound
     000004FA  A$sound$460                        sound
     000004FD  A$sound$461                        sound
     000004FE  A$sound$465                        sound
     000004FE  C$sound.c$122$2_0$120              sound
     00000500  A$sound$473                        sound
     00000500  C$sound.c$124$2_0$120              sound
     00000500  C$sound.c$125$2_0$120              sound
     00000501  A$sound$474                        sound
     00000502  A$sound$475                        sound
     00000503  A$sound$476                        sound
     00000506  A$sound$477                        sound
     00000507  A$sound$481                        sound
     00000507  C$sound.c$126$2_0$120              sound
     00000509  A$sound$489                        sound
     00000509  C$sound.c$128$2_0$120              sound
     00000509  C$sound.c$129$2_0$120              sound
     0000050B  A$sound$490                        sound
     0000050C  A$sound$491                        sound
     0000050D  A$sound$492                        sound
     00000510  A$sound$493                        sound
     00000511  A$sound$497                        sound
     00000511  C$sound.c$130$2_0$120              sound
     00000513  A$sound$505                        sound
     00000513  C$sound.c$132$2_0$120              sound
     00000513  C$sound.c$133$2_0$120              sound
     00000516  A$sound$513                        sound
     00000516  C$sound.c$138$1_0$119              sound
     00000516  C$sound.c$140$1_0$119              sound
ASxxxx Linker V03.00 + NoICE + sdld,  page 10.
Hexadecimal  [32-Bits]

Area                                    Addr        Size        Decimal Bytes (Attributes)
--------------------------------        ----        ----        ------- ----- ------------
_CODE                               00000200    00003D11 =       15633. bytes (REL,CON)

      Value  Global                              Global Defined In Module
      -----  --------------------------------   ------------------------
     00000519  A$sound$514                        sound
     0000051B  A$sound$522                        sound
     0000051B  C$sound.c$141$1_0$119              sound
     0000051B  XG$sound_dispatch$0$0              sound
     0000051C  A$global$61                        global
     0000051C  C$global.c$5$0_0$99                global
     0000051C  C$global.c$6$1_0$99                global
     0000051C  G$clear_bkg_screen$0$0             global
     0000051C  _clear_bkg_screen                  global
     0000051F  A$global$65                        global
     0000051F  C$global.c$7$1_0$99                global
     00000521  A$global$66                        global
     00000523  A$global$67                        global
     00000525  A$global$71                        global
     00000525  C$global.c$10$1_0$99               global
     00000526  A$global$72                        global
     00000527  A$global$73                        global
     00000529  A$global$74                        global
     0000052A  A$global$75                        global
     0000052C  A$global$76                        global
     0000052D  A$global$77                        global
     0000052E  A$global$78                        global
     0000052F  A$global$79                        global
     00000530  A$global$80                        global
     00000531  A$global$81                        global
     00000534  A$global$82                        global
     00000536  A$global$86                        global
     00000536  C$global.c$12$1_0$99               global
     00000537  A$global$87                        global
     00000539  A$global$91                        global
     00000539  C$global.c$13$1_0$99               global
     0000053A  A$global$92                        global
     0000053C  A$global$96                        global
     0000053C  C$global.c$15$1_0$99               global
     0000053E  A$global$97                        global
     00000540  A$global$98                        global
     00000542  A$global$102                       global
     00000542  C$global.c$16$1_0$99               global
     00000544  A$global$103                       global
     00000546  A$global$104                       global
     00000548  A$global$112                       global
     00000548  C$global.c$17$1_0$99               global
     00000548  XG$clear_bkg_screen$0$0            global
     00000549  A$global$125                       global
     00000549  C$global.c$21$1_0$102              global
     00000549  G$performantGeneralDelay$0$0       global
     00000549  _performantGeneralDelay            global
     0000054B  A$global$127                       global
     0000054C  A$global$128                       global
     0000054E  A$global$129                       global
     0000054F  A$global$130                       global
ASxxxx Linker V03.00 + NoICE + sdld,  page 11.
Hexadecimal  [32-Bits]

Area                                    Addr        Size        Decimal Bytes (Attributes)
--------------------------------        ----        ----        ------- ----- ------------
_CODE                               00000200    00003D11 =       15633. bytes (REL,CON)

      Value  Global                              Global Defined In Module
      -----  --------------------------------   ------------------------
     00000550  A$global$134                       global
     00000550  C$global.c$24$3_0$103              global
     00000553  A$global$138                       global
     00000553  C$global.c$23$2_0$102              global
     00000554  A$global$146                       global
     00000554  C$global.c$26$2_0$102              global
     00000554  XG$performantGeneralDelay$0$0      global
     00000556  A$global$159                       global
     00000556  C$global.c$29$2_0$105              global
     00000556  G$fadeout$0$0                      global
     00000556  _fadeout                           global
     00000559  A$global$161                       global
     0000055A  A$global$162                       global
     0000055C  A$global$163                       global
     0000055D  A$global$164                       global
     0000055E  A$global$165                       global
     0000055F  A$global$166                       global
     00000560  A$global$167                       global
     00000562  A$global$168                       global
     00000563  A$global$172                       global
     00000563  C$global.c$31$3_0$106              global
     00000564  A$global$173                       global
     00000565  A$global$174                       global
     00000566  A$global$175                       global
     00000568  A$global$176                       global
     00000569  A$global$177                       global
     0000056A  A$global$178                       global
     0000056B  A$global$179                       global
     0000056D  A$global$180                       global
     0000056E  A$global$181                       global
     00000570  A$global$182                       global
     00000571  A$global$183                       global
     00000573  A$global$184                       global
     00000574  A$global$185                       global
     00000576  A$global$186                       global
     00000577  A$global$187                       global
     00000579  A$global$188                       global
     0000057B  A$global$196                       global
     0000057B  C$global.c$32$4_0$107              global
     0000057B  C$global.c$33$4_0$107              global
     0000057D  A$global$197                       global
     0000057F  A$global$201                       global
     0000057F  C$global.c$34$4_0$107              global
     00000581  A$global$209                       global
     00000581  C$global.c$35$4_0$107              global
     00000581  C$global.c$36$4_0$107              global
     00000583  A$global$210                       global
     00000585  A$global$214                       global
     00000585  C$global.c$37$4_0$107              global
     00000587  A$global$222                       global
     00000587  C$global.c$38$4_0$107              global
ASxxxx Linker V03.00 + NoICE + sdld,  page 12.
Hexadecimal  [32-Bits]

Area                                    Addr        Size        Decimal Bytes (Attributes)
--------------------------------        ----        ----        ------- ----- ------------
_CODE                               00000200    00003D11 =       15633. bytes (REL,CON)

      Value  Global                              Global Defined In Module
      -----  --------------------------------   ------------------------
     00000587  C$global.c$39$4_0$107              global
     00000589  A$global$223                       global
     0000058B  A$global$227                       global
     0000058B  C$global.c$40$4_0$107              global
     0000058D  A$global$235                       global
     0000058D  C$global.c$41$4_0$107              global
     0000058D  C$global.c$42$4_0$107              global
     0000058F  A$global$236                       global
     00000591  A$global$244                       global
     00000591  C$global.c$44$3_0$106              global
     00000591  C$global.c$45$3_0$106              global
     00000592  A$global$245                       global
     00000594  A$global$246                       global
     00000595  A$global$247                       global
     00000596  A$global$248                       global
     00000599  A$global$249                       global
     0000059A  A$global$250                       global
     0000059B  A$global$254                       global
     0000059B  C$global.c$30$2_0$105              global
     0000059C  A$global$262                       global
     0000059C  C$global.c$48$2_0$105              global
     0000059C  XG$fadeout$0$0                     global
     0000059E  A$global$275                       global
     0000059E  C$global.c$51$2_0$109              global
     0000059E  G$fadein$0$0                       global
     0000059E  _fadein                            global
     000005A1  A$global$277                       global
     000005A2  A$global$278                       global
     000005A4  A$global$279                       global
     000005A5  A$global$280                       global
     000005A6  A$global$281                       global
     000005A7  A$global$282                       global
     000005A8  A$global$283                       global
     000005AA  A$global$284                       global
     000005AB  A$global$288                       global
     000005AB  C$global.c$53$3_0$110              global
     000005AC  A$global$289                       global
     000005AD  A$global$290                       global
     000005AE  A$global$291                       global
     000005B0  A$global$292                       global
     000005B1  A$global$293                       global
     000005B2  A$global$294                       global
     000005B3  A$global$295                       global
     000005B5  A$global$296                       global
     000005B6  A$global$297                       global
     000005B8  A$global$298                       global
     000005B9  A$global$299                       global
     000005BB  A$global$300                       global
     000005BD  A$global$308                       global
     000005BD  C$global.c$54$4_0$111              global
     000005BD  C$global.c$55$4_0$111              global
ASxxxx Linker V03.00 + NoICE + sdld,  page 13.
Hexadecimal  [32-Bits]

Area                                    Addr        Size        Decimal Bytes (Attributes)
--------------------------------        ----        ----        ------- ----- ------------
_CODE                               00000200    00003D11 =       15633. bytes (REL,CON)

      Value  Global                              Global Defined In Module
      -----  --------------------------------   ------------------------
     000005BF  A$global$309                       global
     000005C1  A$global$313                       global
     000005C1  C$global.c$56$4_0$111              global
     000005C3  A$global$321                       global
     000005C3  C$global.c$57$4_0$111              global
     000005C3  C$global.c$58$4_0$111              global
     000005C5  A$global$322                       global
     000005C7  A$global$326                       global
     000005C7  C$global.c$59$4_0$111              global
     000005C9  A$global$334                       global
     000005C9  C$global.c$60$4_0$111              global
     000005C9  C$global.c$61$4_0$111              global
     000005CB  A$global$335                       global
     000005CD  A$global$343                       global
     000005CD  C$global.c$63$3_0$110              global
     000005CD  C$global.c$64$3_0$110              global
     000005CE  A$global$344                       global
     000005D0  A$global$345                       global
     000005D1  A$global$346                       global
     000005D2  A$global$347                       global
     000005D5  A$global$348                       global
     000005D6  A$global$349                       global
     000005D7  A$global$353                       global
     000005D7  C$global.c$52$2_0$109              global
     000005D8  A$global$361                       global
     000005D8  C$global.c$66$2_0$109              global
     000005D8  XG$fadein$0$0                      global
     000005DA  A$splash$75                        splash
     000005DA  C$splash.c$81$0_0$130              splash
     000005DA  C$splash.c$82$1_0$130              splash
     000005DA  G$glyph_index$0$0                  splash
     000005DA  _glyph_index                       splash
     000005DC  A$splash$76                        splash
     000005DD  A$splash$77                        splash
     000005DF  A$splash$78                        splash
     000005E1  A$splash$79                        splash
     000005E3  A$splash$80                        splash
     000005E4  A$splash$81                        splash
     000005E6  A$splash$82                        splash
     000005E8  A$splash$83                        splash
     000005EA  A$splash$84                        splash
     000005EB  A$splash$85                        splash
     000005ED  A$splash$86                        splash
     000005EF  A$splash$87                        splash
     000005F1  A$splash$88                        splash
     000005F2  A$splash$89                        splash
     000005F4  A$splash$90                        splash
     000005F6  A$splash$91                        splash
     000005F8  A$splash$92                        splash
     000005F9  A$splash$93                        splash
     000005FB  A$splash$94                        splash
ASxxxx Linker V03.00 + NoICE + sdld,  page 14.
Hexadecimal  [32-Bits]

Area                                    Addr        Size        Decimal Bytes (Attributes)
--------------------------------        ----        ----        ------- ----- ------------
_CODE                               00000200    00003D11 =       15633. bytes (REL,CON)

      Value  Global                              Global Defined In Module
      -----  --------------------------------   ------------------------
     000005FD  A$splash$95                        splash
     000005FF  A$splash$96                        splash
     00000600  A$splash$97                        splash
     00000602  A$splash$98                        splash
     00000604  A$splash$99                        splash
     00000606  A$splash$100                       splash
     00000607  A$splash$101                       splash
     00000609  A$splash$102                       splash
     0000060B  A$splash$103                       splash
     0000060D  A$splash$108                       splash
     0000060D  C$splash.c$83$2_0$131              splash
     0000060F  A$splash$109                       splash
     00000610  A$splash$114                       splash
     00000610  C$splash.c$84$2_0$131              splash
     00000612  A$splash$115                       splash
     00000613  A$splash$120                       splash
     00000613  C$splash.c$85$2_0$131              splash
     00000615  A$splash$121                       splash
     00000616  A$splash$126                       splash
     00000616  C$splash.c$86$2_0$131              splash
     00000618  A$splash$127                       splash
     00000619  A$splash$132                       splash
     00000619  C$splash.c$87$2_0$131              splash
     0000061B  A$splash$133                       splash
     0000061C  A$splash$138                       splash
     0000061C  C$splash.c$88$2_0$131              splash
     0000061E  A$splash$139                       splash
     0000061F  A$splash$144                       splash
     0000061F  C$splash.c$89$2_0$131              splash
     00000621  A$splash$145                       splash
     00000622  A$splash$150                       splash
     00000622  C$splash.c$90$2_0$131              splash
     00000624  A$splash$161                       splash
     00000624  C$splash.c$91$1_0$130              splash
     00000624  C$splash.c$92$1_0$130              splash
     00000624  XG$glyph_index$0$0                 splash
     00000625  G$BY_glyph_tiles$0_0$0             splash
     00000625  _BY_glyph_tiles                    splash
     00000695  G$START_spr_tiles$0_0$0            splash
     00000695  _START_spr_tiles                   splash
     000006E5  A$splash$367                       splash
     000006E5  C$splash.c$94$1_0$133              splash
     000006E5  G$place_start_sprites$0$0          splash
     000006E5  _place_start_sprites               splash
     000006E6  A$splash$368                       splash
     000006E7  A$splash$372                       splash
     000006E7  C$splash.c$97$1_0$133              splash
     000006EA  A$splash$373                       splash
     000006EB  A$splash$374                       splash
     000006EE  A$splash$375                       splash
     000006EF  A$splash$376                       splash
ASxxxx Linker V03.00 + NoICE + sdld,  page 15.
Hexadecimal  [32-Bits]

Area                                    Addr        Size        Decimal Bytes (Attributes)
--------------------------------        ----        ----        ------- ----- ------------
_CODE                               00000200    00003D11 =       15633. bytes (REL,CON)

      Value  Global                              Global Defined In Module
      -----  --------------------------------   ------------------------
     000006F2  A$splash$377                       splash
     000006F4  A$splash$379                       splash
     000006F6  A$splash$380                       splash
     000006F7  A$splash$381                       splash
     000006F9  A$splash$382                       splash
     000006FA  A$splash$383                       splash
     000006FC  A$splash$386                       splash
     000006FD  A$splash$387                       splash
     000006FF  A$splash$388                       splash
     00000701  A$splash$389                       splash
     00000703  A$splash$390                       splash
     00000704  A$splash$392                       splash
     00000705  A$splash$395                       splash
     00000707  A$splash$398                       splash
     00000708  A$splash$399                       splash
     00000709  A$splash$400                       splash
     0000070A  A$splash$401                       splash
     0000070B  A$splash$402                       splash
     0000070E  A$splash$403                       splash
     0000070F  A$splash$404                       splash
     00000710  A$splash$405                       splash
     00000711  A$splash$407                       splash
     00000714  A$splash$408                       splash
     00000715  A$splash$409                       splash
     00000716  A$splash$410                       splash
     00000717  A$splash$411                       splash
     00000719  A$splash$413                       splash
     0000071A  A$splash$414                       splash
     0000071B  A$splash$415                       splash
     0000071C  A$splash$416                       splash
     0000071D  A$splash$417                       splash
     0000071F  A$splash$418                       splash
     00000720  A$splash$419                       splash
     00000721  A$splash$420                       splash
     00000723  A$splash$421                       splash
     00000724  A$splash$423                       splash
     00000727  A$splash$424                       splash
     00000728  A$splash$427                       splash
     0000072A  A$splash$430                       splash
     0000072B  A$splash$431                       splash
     0000072C  A$splash$432                       splash
     0000072D  A$splash$433                       splash
     0000072E  A$splash$434                       splash
     0000072F  A$splash$436                       splash
     00000731  A$splash$437                       splash
     00000732  A$splash$438                       splash
     00000733  A$splash$439                       splash
     00000734  A$splash$440                       splash
     00000735  A$splash$441                       splash
     00000736  A$splash$445                       splash
     00000736  C$splash.c$101$2_0$134             splash
ASxxxx Linker V03.00 + NoICE + sdld,  page 16.
Hexadecimal  [32-Bits]

Area                                    Addr        Size        Decimal Bytes (Attributes)
--------------------------------        ----        ----        ------- ----- ------------
_CODE                               00000200    00003D11 =       15633. bytes (REL,CON)

      Value  Global                              Global Defined In Module
      -----  --------------------------------   ------------------------
     00000737  A$splash$446                       splash
     00000739  A$splash$451                       splash
     0000073A  A$splash$452                       splash
     0000073B  A$splash$457                       splash
     0000073B  C$splash.c$106$2_0$133             splash
     0000073B  XG$place_start_sprites$0$0         splash
     0000073C  A$splash$467                       splash
     0000073C  C$splash.c$108$2_0$146             splash
     0000073C  G$place_text_sprites$0$0           splash
     0000073C  _place_text_sprites                splash
     0000073E  A$splash$471                       splash
     0000073E  C$splash.c$111$1_0$146             splash
     00000741  A$splash$472                       splash
     00000742  A$splash$473                       splash
     00000745  A$splash$474                       splash
     00000746  A$splash$475                       splash
     00000749  A$splash$476                       splash
     0000074B  A$splash$480                       splash
     0000074B  C$splash.c$114$2_0$148             splash
     0000074D  A$splash$481                       splash
     0000074E  A$splash$482                       splash
     00000750  A$splash$483                       splash
     00000751  A$splash$487                       splash
     00000751  C$splash.c$115$2_0$148             splash
     00000753  A$splash$488                       splash
     00000754  A$splash$489                       splash
     00000756  A$splash$490                       splash
     00000757  A$splash$494                       splash
     00000757  C$splash.c$117$3_1$148             splash
     00000759  A$splash$495                       splash
     0000075A  A$splash$496                       splash
     0000075B  A$splash$497                       splash
     0000075C  A$splash$498                       splash
     0000075E  A$splash$499                       splash
     0000075F  A$splash$500                       splash
     00000761  A$splash$501                       splash
     00000762  A$splash$503                       splash
     00000763  A$splash$504                       splash
     00000764  A$splash$505                       splash
     00000765  A$splash$506                       splash
     00000767  A$splash$510                       splash
     00000767  C$splash.c$118$3_1$149             splash
     00000768  A$splash$511                       splash
     00000769  A$splash$512                       splash
     0000076A  A$splash$513                       splash
     0000076D  A$splash$514                       splash
     0000076E  A$splash$515                       splash
     0000076F  A$splash$516                       splash
     00000770  A$splash$520                       splash
     00000770  C$splash.c$119$3_1$149             splash
     00000771  A$splash$521                       splash
ASxxxx Linker V03.00 + NoICE + sdld,  page 17.
Hexadecimal  [32-Bits]

Area                                    Addr        Size        Decimal Bytes (Attributes)
--------------------------------        ----        ----        ------- ----- ------------
_CODE                               00000200    00003D11 =       15633. bytes (REL,CON)

      Value  Global                              Global Defined In Module
      -----  --------------------------------   ------------------------
     00000773  A$splash$522                       splash
     00000775  A$splash$524                       splash
     00000776  A$splash$525                       splash
     00000778  A$splash$526                       splash
     00000779  A$splash$528                       splash
     0000077B  A$splash$529                       splash
     0000077C  A$splash$530                       splash
     0000077E  A$splash$531                       splash
     0000077F  A$splash$532                       splash
     00000780  A$splash$533                       splash
     00000781  A$splash$534                       splash
     00000784  A$splash$535                       splash
     00000785  A$splash$536                       splash
     00000786  A$splash$537                       splash
     00000787  A$splash$538                       splash
     00000788  A$splash$539                       splash
     00000789  A$splash$541                       splash
     0000078C  A$splash$542                       splash
     0000078E  A$splash$543                       splash
     00000790  A$splash$544                       splash
     00000793  A$splash$545                       splash
     00000795  A$splash$547                       splash
     00000798  A$splash$549                       splash
     0000079A  A$splash$550                       splash
     0000079B  A$splash$552                       splash
     0000079D  A$splash$553                       splash
     0000079E  A$splash$554                       splash
     0000079F  A$splash$555                       splash
     000007A1  A$splash$556                       splash
     000007A2  A$splash$557                       splash
     000007A4  A$splash$558                       splash
     000007A5  A$splash$559                       splash
     000007A7  A$splash$560                       splash
     000007A8  A$splash$561                       splash
     000007A9  A$splash$562                       splash
     000007AA  A$splash$563                       splash
     000007AD  A$splash$564                       splash
     000007AE  A$splash$565                       splash
     000007AF  A$splash$566                       splash
     000007B0  A$splash$567                       splash
     000007B1  A$splash$568                       splash
     000007B2  A$splash$569                       splash
     000007B3  A$splash$570                       splash
     000007B4  A$splash$571                       splash
     000007B5  A$splash$572                       splash
     000007B6  A$splash$573                       splash
     000007B7  A$splash$574                       splash
     000007B9  A$splash$576                       splash
     000007BA  A$splash$577                       splash
     000007BB  A$splash$578                       splash
     000007BE  A$splash$579                       splash
ASxxxx Linker V03.00 + NoICE + sdld,  page 18.
Hexadecimal  [32-Bits]

Area                                    Addr        Size        Decimal Bytes (Attributes)
--------------------------------        ----        ----        ------- ----- ------------
_CODE                               00000200    00003D11 =       15633. bytes (REL,CON)

      Value  Global                              Global Defined In Module
      -----  --------------------------------   ------------------------
     000007BF  A$splash$580                       splash
     000007C0  A$splash$581                       splash
     000007C1  A$splash$582                       splash
     000007C2  A$splash$583                       splash
     000007C3  A$splash$584                       splash
     000007C4  A$splash$586                       splash
     000007C6  A$splash$587                       splash
     000007C7  A$splash$588                       splash
     000007C8  A$splash$589                       splash
     000007C9  A$splash$590                       splash
     000007CA  A$splash$591                       splash
     000007CB  A$splash$595                       splash
     000007CB  C$splash.c$123$4_1$150             splash
     000007CD  A$splash$596                       splash
     000007CE  A$splash$601                       splash
     000007CE  C$splash.c$125$3_1$149             splash
     000007D0  A$splash$602                       splash
     000007D1  A$splash$603                       splash
     000007D3  A$splash$604                       splash
     000007D4  A$splash$608                       splash
     000007D4  C$splash.c$117$2_1$148             splash
     000007D5  A$splash$609                       splash
     000007D7  A$splash$614                       splash
     000007D9  A$splash$619                       splash
     000007D9  C$splash.c$127$2_1$146             splash
     000007D9  XG$place_text_sprites$0$0          splash
     000007DA  A$splash$632                       splash
     000007DA  C$splash.c$130$2_1$162             splash
     000007DA  G$hide_start_sprites$0$0           splash
     000007DA  _hide_start_sprites                splash
     000007DC  A$splash$634                       splash
     000007DD  A$splash$635                       splash
     000007DF  A$splash$636                       splash
     000007E0  A$splash$638                       splash
     000007E3  A$splash$639                       splash
     000007E4  A$splash$642                       splash
     000007E6  A$splash$645                       splash
     000007E7  A$splash$646                       splash
     000007E8  A$splash$647                       splash
     000007E9  A$splash$649                       splash
     000007EA  A$splash$650                       splash
     000007EB  A$splash$651                       splash
     000007EC  A$splash$655                       splash
     000007EC  C$splash.c$132$2_0$162             splash
     000007ED  A$splash$663                       splash
     000007ED  C$splash.c$133$2_0$162             splash
     000007ED  XG$hide_start_sprites$0$0          splash
     000007EF  A$splash$676                       splash
     000007EF  C$splash.c$135$2_0$168             splash
     000007EF  G$hide_all_start_sprites$0$0       splash
     000007EF  _hide_all_start_sprites            splash
ASxxxx Linker V03.00 + NoICE + sdld,  page 19.
Hexadecimal  [32-Bits]

Area                                    Addr        Size        Decimal Bytes (Attributes)
--------------------------------        ----        ----        ------- ----- ------------
_CODE                               00000200    00003D11 =       15633. bytes (REL,CON)

      Value  Global                              Global Defined In Module
      -----  --------------------------------   ------------------------
     000007F1  A$splash$678                       splash
     000007F2  A$splash$679                       splash
     000007F4  A$splash$680                       splash
     000007F5  A$splash$682                       splash
     000007F8  A$splash$683                       splash
     000007F9  A$splash$686                       splash
     000007FB  A$splash$689                       splash
     000007FC  A$splash$690                       splash
     000007FD  A$splash$691                       splash
     000007FE  A$splash$693                       splash
     000007FF  A$splash$694                       splash
     00000800  A$splash$695                       splash
     00000801  A$splash$699                       splash
     00000801  C$splash.c$137$2_0$168             splash
     00000802  A$splash$707                       splash
     00000802  C$splash.c$138$2_0$168             splash
     00000802  XG$hide_all_start_sprites$0$0      splash
     00000804  A$splash$717                       splash
     00000804  C$splash.c$140$2_0$174             splash
     00000804  G$show_start_sprites$0$0           splash
     00000804  _show_start_sprites                splash
     00000805  A$splash$719                       splash
     00000807  A$splash$720                       splash
     00000808  A$splash$721                       splash
     0000080A  A$splash$723                       splash
     0000080B  A$splash$724                       splash
     0000080D  A$splash$725                       splash
     0000080F  A$splash$726                       splash
     00000810  A$splash$727                       splash
     00000811  A$splash$728                       splash
     00000812  A$splash$729                       splash
     00000814  A$splash$730                       splash
     00000815  A$splash$731                       splash
     00000816  A$splash$732                       splash
     00000818  A$splash$733                       splash
     00000819  A$splash$735                       splash
     0000081C  A$splash$736                       splash
     0000081D  A$splash$739                       splash
     0000081F  A$splash$742                       splash
     00000820  A$splash$743                       splash
     00000821  A$splash$744                       splash
     00000822  A$splash$745                       splash
     00000823  A$splash$746                       splash
     00000824  A$splash$748                       splash
     00000825  A$splash$749                       splash
     00000826  A$splash$750                       splash
     00000827  A$splash$751                       splash
     00000829  A$splash$752                       splash
     0000082A  A$splash$753                       splash
     0000082B  A$splash$757                       splash
     0000082B  C$splash.c$141$2_0$174             splash
ASxxxx Linker V03.00 + NoICE + sdld,  page 20.
Hexadecimal  [32-Bits]

Area                                    Addr        Size        Decimal Bytes (Attributes)
--------------------------------        ----        ----        ------- ----- ------------
_CODE                               00000200    00003D11 =       15633. bytes (REL,CON)

      Value  Global                              Global Defined In Module
      -----  --------------------------------   ------------------------
     0000082C  A$splash$758                       splash
     0000082E  A$splash$763                       splash
     0000082F  A$splash$768                       splash
     0000082F  C$splash.c$142$2_0$174             splash
     0000082F  XG$show_start_sprites$0$0          splash
     00000830  A$splash$781                       splash
     00000830  C$splash.c$155$2_0$179             splash
     00000830  C$splash.c$157$1_0$179             splash
     00000830  G$processSplash$0$0                splash
     00000830  _processSplash                     splash
     00000833  A$splash$785                       splash
     00000833  C$splash.c$158$1_0$179             splash
     00000835  A$splash$786                       splash
     00000837  A$splash$787                       splash
     00000839  A$splash$791                       splash
     00000839  C$splash.c$159$1_0$179             splash
     0000083B  A$splash$792                       splash
     0000083D  A$splash$793                       splash
     0000083F  A$splash$797                       splash
     0000083F  C$splash.c$160$1_0$179             splash
     00000841  A$splash$798                       splash
     00000843  A$splash$799                       splash
     00000845  A$splash$803                       splash
     00000845  C$splash.c$162$1_0$179             splash
     00000846  A$splash$804                       splash
     00000848  A$splash$808                       splash
     00000848  C$splash.c$163$1_0$179             splash
     00000849  A$splash$809                       splash
     0000084B  A$splash$813                       splash
     0000084B  C$splash.c$165$1_0$179             splash
     0000084D  A$splash$814                       splash
     0000084F  A$splash$815                       splash
     00000852  A$splash$816                       splash
     00000854  A$splash$820                       splash
     00000854  C$splash.c$166$1_0$179             splash
     00000857  A$splash$821                       splash
     00000858  A$splash$822                       splash
     0000085B  A$splash$823                       splash
     0000085C  A$splash$824                       splash
     0000085F  A$splash$825                       splash
     00000861  A$splash$829                       splash
     00000861  C$splash.c$167$1_0$179             splash
     00000864  A$splash$830                       splash
     00000865  A$splash$831                       splash
     00000868  A$splash$832                       splash
     00000869  A$splash$833                       splash
     0000086A  A$splash$834                       splash
     0000086B  A$splash$835                       splash
     0000086C  A$splash$836                       splash
     0000086F  A$splash$837                       splash
     00000871  A$splash$841                       splash
ASxxxx Linker V03.00 + NoICE + sdld,  page 21.
Hexadecimal  [32-Bits]

Area                                    Addr        Size        Decimal Bytes (Attributes)
--------------------------------        ----        ----        ------- ----- ------------
_CODE                               00000200    00003D11 =       15633. bytes (REL,CON)

      Value  Global                              Global Defined In Module
      -----  --------------------------------   ------------------------
     00000871  C$splash.c$168$1_0$179             splash
     00000873  A$splash$842                       splash
     00000875  A$splash$843                       splash
     00000878  A$splash$844                       splash
     0000087A  A$splash$848                       splash
     0000087A  C$splash.c$170$1_0$179             splash
     0000087C  A$splash$849                       splash
     0000087E  A$splash$853                       splash
     0000087E  C$splash.c$171$1_0$179             splash
     00000880  A$splash$854                       splash
     00000882  A$splash$858                       splash
     00000882  C$splash.c$174$1_0$179             splash
     00000884  A$splash$859                       splash
     00000886  A$splash$863                       splash
     00000886  C$splash.c$175$1_0$179             splash
     00000888  A$splash$864                       splash
     0000088A  A$splash$868                       splash
     0000088A  C$splash.c$176$1_0$179             splash
     0000088C  A$splash$869                       splash
     0000088E  A$splash$871                       splash
     0000088F  A$splash$875                       splash
     0000088F  C$splash.c$192$1_0$179             splash
     00000892  A$splash$876                       splash
     00000893  A$splash$877                       splash
     00000896  A$splash$878                       splash
     00000897  A$splash$879                       splash
     0000089A  A$splash$880                       splash
     0000089C  A$splash$884                       splash
     0000089C  C$splash.c$193$1_0$179             splash
     0000089E  A$splash$885                       splash
     0000089F  A$splash$886                       splash
     000008A0  A$splash$887                       splash
     000008A3  A$splash$888                       splash
     000008A4  A$splash$892                       splash
     000008A4  C$splash.c$194$1_0$179             splash
     000008A6  A$splash$893                       splash
     000008A7  A$splash$894                       splash
     000008A8  A$splash$895                       splash
     000008AB  A$splash$896                       splash
     000008AC  A$splash$898                       splash
     000008AD  A$splash$902                       splash
     000008AD  C$splash.c$199$1_0$179             splash
     000008AF  A$splash$903                       splash
     000008B1  A$splash$904                       splash
     000008B3  A$splash$908                       splash
     000008B3  C$splash.c$200$1_0$179             splash
     000008B5  A$splash$909                       splash
     000008B7  A$splash$910                       splash
     000008B9  A$splash$914                       splash
     000008B9  C$splash.c$201$1_0$179             splash
     000008BB  A$splash$915                       splash
ASxxxx Linker V03.00 + NoICE + sdld,  page 22.
Hexadecimal  [32-Bits]

Area                                    Addr        Size        Decimal Bytes (Attributes)
--------------------------------        ----        ----        ------- ----- ------------
_CODE                               00000200    00003D11 =       15633. bytes (REL,CON)

      Value  Global                              Global Defined In Module
      -----  --------------------------------   ------------------------
     000008BD  A$splash$916                       splash
     000008BF  A$splash$920                       splash
     000008BF  C$splash.c$202$1_0$179             splash
     000008C1  A$splash$921                       splash
     000008C3  A$splash$922                       splash
     000008C5  A$splash$926                       splash
     000008C5  C$splash.c$206$1_1$180             splash
     000008C8  A$splash$927                       splash
     000008C9  A$splash$928                       splash
     000008CC  A$splash$929                       splash
     000008CD  A$splash$933                       splash
     000008CD  C$splash.c$207$1_1$180             splash
     000008D0  A$splash$934                       splash
     000008D1  A$splash$935                       splash
     000008D3  A$splash$936                       splash
     000008D4  A$splash$937                       splash
     000008D5  A$splash$938                       splash
     000008D8  A$splash$939                       splash
     000008D9  A$splash$940                       splash
     000008DC  A$splash$941                       splash
     000008DE  A$splash$945                       splash
     000008DE  C$splash.c$209$2_1$181             splash
     000008E1  A$splash$949                       splash
     000008E1  C$splash.c$210$2_1$181             splash
     000008E3  A$splash$954                       splash
     000008E3  C$splash.c$212$1_2$181             splash
     000008E4  A$splash$955                       splash
     000008E5  A$splash$956                       splash
     000008E8  A$splash$960                       splash
     000008E8  C$splash.c$213$2_2$182             splash
     000008EB  A$splash$964                       splash
     000008EB  C$splash.c$215$2_2$182             splash
     000008EC  A$splash$968                       splash
     000008EC  C$splash.c$216$2_2$182             splash
     000008ED  A$splash$969                       splash
     000008EF  A$splash$970                       splash
     000008F1  A$splash$974                       splash
     000008F1  C$splash.c$217$3_2$183             splash
     000008F3  A$splash$978                       splash
     000008F3  C$splash.c$218$3_2$183             splash
     000008F4  A$splash$979                       splash
     000008F6  A$splash$980                       splash
     000008F8  A$splash$981                       splash
     000008F9  A$splash$982                       splash
     000008FA  A$splash$986                       splash
     000008FA  C$splash.c$219$3_2$183             splash
     000008FB  A$splash$987                       splash
     000008FD  A$splash$988                       splash
     000008FE  A$splash$989                       splash
     000008FF  A$splash$990                       splash
     00000902  A$splash$991                       splash
ASxxxx Linker V03.00 + NoICE + sdld,  page 23.
Hexadecimal  [32-Bits]

Area                                    Addr        Size        Decimal Bytes (Attributes)
--------------------------------        ----        ----        ------- ----- ------------
_CODE                               00000200    00003D11 =       15633. bytes (REL,CON)

      Value  Global                              Global Defined In Module
      -----  --------------------------------   ------------------------
     00000903  A$splash$992                       splash
     00000906  A$splash$993                       splash
     00000907  A$splash$994                       splash
     00000908  A$splash$995                       splash
     00000909  A$splash$996                       splash
     0000090B  A$splash$1001                      splash
     0000090B  C$splash.c$220$3_2$183             splash
     0000090C  A$splash$1002                      splash
     0000090D  A$splash$1003                      splash
     00000910  A$splash$1004                      splash
     00000911  A$splash$1005                      splash
     00000912  A$splash$1010                      splash
     00000912  C$splash.c$223$2_2$182             splash
     00000913  A$splash$1011                      splash
     00000916  A$splash$1012                      splash
     00000917  A$splash$1013                      splash
     00000918  A$splash$1014                      splash
     00000919  A$splash$1015                      splash
     0000091B  A$splash$1016                      splash
     0000091D  A$splash$1027                      splash
     0000091D  C$splash.c$246$1_2$181             splash
     0000091D  C$splash.c$247$1_2$179             splash
     0000091D  XG$processSplash$0$0               splash
     0000091F  Fsplash$__str_0$0_0$0              splash
     00000927  A$main$62                          main
     00000927  C$main.c$61$0_0$104                main
     00000927  C$main.c$62$1_0$104                main
     00000927  C$main.c$63$2_0$105                main
     00000927  G$main$0$0                         main
     00000927  _main                              main
     0000092A  A$main$66                          main
     0000092A  C$main.c$64$2_0$105                main
     0000092D  A$main$70                          main
     0000092D  C$main.c$65$2_0$105                main
     00000930  A$main$78                          main
     00000930  C$main.c$67$1_0$104                main
     00000930  XG$main$0$0                        main
     00000932  A$game$75                          game
     00000932  C$game.c$12$0_0$134                game
     00000932  G$run$0$0                          game
     00000932  _run                               game
     00000934  A$game$79                          game
     00000934  C$game.c$15$2_0$134                game
     00000936  A$game$83                          game
     00000936  C$game.c$17$2_0$134                game
     00000937  A$game$84                          game
     00000938  A$game$88                          game
     00000938  C$game.c$19$2_0$134                game
     00000939  A$game$89                          game
     0000093A  A$game$90                          game
     0000093B  A$game$94                          game
ASxxxx Linker V03.00 + NoICE + sdld,  page 24.
Hexadecimal  [32-Bits]

Area                                    Addr        Size        Decimal Bytes (Attributes)
--------------------------------        ----        ----        ------- ----- ------------
_CODE                               00000200    00003D11 =       15633. bytes (REL,CON)

      Value  Global                              Global Defined In Module
      -----  --------------------------------   ------------------------
     0000093B  C$game.c$21$1_0$134                game
     0000093E  A$game$98                          game
     0000093E  C$game.c$22$1_0$134                game
     00000941  A$game$102                         game
     00000941  C$game.c$23$1_0$134                game
     00000944  A$game$106                         game
     00000944  C$game.c$28$1_0$134                game
     00000947  A$game$110                         game
     00000947  C$game.c$29$1_0$134                game
     0000094A  A$game$111                         game
     0000094B  A$game$112                         game
     0000094E  A$game$113                         game
     0000094F  A$game$117                         game
     0000094F  C$game.c$30$1_0$134                game
     00000952  A$game$118                         game
     00000953  A$game$119                         game
     00000956  A$game$120                         game
     00000957  A$game$124                         game
     00000957  C$game.c$32$1_1$135                game
     00000958  A$game$125                         game
     00000959  A$game$126                         game
     0000095A  A$game$127                         game
     0000095D  A$game$128                         game
     0000095E  A$game$129                         game
     0000095F  A$game$130                         game
     00000960  A$game$134                         game
     00000960  C$game.c$34$1_1$135                game
     00000962  A$game$135                         game
     00000964  A$game$139                         game
     00000964  C$game.c$37$1_1$135                game
     00000965  A$game$140                         game
     00000968  A$game$141                         game
     00000969  A$game$145                         game
     00000969  C$game.c$40$2_1$136                game
     0000096C  A$game$146                         game
     0000096D  A$game$147                         game
     0000096E  A$game$148                         game
     0000096F  A$game$149                         game
     00000971  A$game$150                         game
     00000972  A$game$151                         game
     00000973  A$game$152                         game
     00000974  A$game$153                         game
     00000976  A$game$154                         game
     00000977  A$game$155                         game
     0000097A  A$game$156                         game
     0000097B  A$game$157                         game
     0000097C  A$game$158                         game
     0000097D  A$game$159                         game
     0000097F  A$game$160                         game
     00000980  A$game$161                         game
     00000981  A$game$162                         game
ASxxxx Linker V03.00 + NoICE + sdld,  page 25.
Hexadecimal  [32-Bits]

Area                                    Addr        Size        Decimal Bytes (Attributes)
--------------------------------        ----        ----        ------- ----- ------------
_CODE                               00000200    00003D11 =       15633. bytes (REL,CON)

      Value  Global                              Global Defined In Module
      -----  --------------------------------   ------------------------
     00000982  A$game$163                         game
     00000984  A$game$164                         game
     00000985  A$game$165                         game
     00000988  A$game$166                         game
     00000989  A$game$167                         game
     0000098A  A$game$168                         game
     0000098B  A$game$169                         game
     0000098D  A$game$170                         game
     0000098E  A$game$171                         game
     0000098F  A$game$172                         game
     00000990  A$game$173                         game
     00000992  A$game$174                         game
     00000993  A$game$176                         game
     00000995  A$game$177                         game
     00000996  A$game$178                         game
     00000997  A$game$179                         game
     00000999  A$game$180                         game
     0000099A  A$game$181                         game
     0000099B  A$game$182                         game
     0000099C  A$game$183                         game
     0000099E  A$game$184                         game
     0000099F  A$game$185                         game
     000009A0  A$game$186                         game
     000009A1  A$game$187                         game
     000009A3  A$game$191                         game
     000009A3  C$game.c$42$2_1$136                game
     000009A6  A$game$195                         game
     000009A6  C$game.c$46$2_1$136                game
     000009A9  A$game$196                         game
[...]
     000049DF  _font_min                          font_min
     00004B89  _set_bkg_tiles                     
     00004B9D  .set_xy_wtt                        SetTileMap
     00004BA6  .set_xy_btt                        SetTileMap
     00004BB5  .set_xy_tt                         SetTileMap
     00004BF7  .fill_rect_wtt                     
     00004C00  .fill_rect_btt                     
     00004C4D  ___sdcc_call_hl                    call_hl
     00004C4E  _uitoa                             itoa
     00004C5D  _itoa                              itoa
     00004C6C  .itoa                              itoa
     00004C80  .utoa                              itoa

ASxxxx Linker V03.00 + NoICE + sdld,  page 215.
Hexadecimal  [32-Bits]

Area                                    Addr        Size        Decimal Bytes (Attributes)
--------------------------------        ----        ----        ------- ----- ------------
_INITIALIZER                        00004CF4    0000002F =          47. bytes (REL,CON)

      Value  Global                              Global Defined In Module
      -----  --------------------------------   ------------------------
     00004CF4  Foutput$__xinit_song_Data$0_0$0    output
     00004CFC  Fsound$__xinit_requested_sound$0   sound
     00004CFD  Fsplash$__xinit___EMU_PROFILER_I   splash
     00004CFF  Felementsbuilder$__xinit___EMU_P   elementsbuilder
     00004D01  Felementsbuilder$__xinit_current   elementsbuilder
     00004D02  Felementsbuilder$__xinit_current   elementsbuilder
     00004D03  Felementsbuilder$__xinit_timeBet   elementsbuilder
     00004D04  Felementsbuilder$__xinit_clash$0   elementsbuilder
     00004D05  Felementsbuilder$__xinit_intermi   elementsbuilder
     00004D06  Fgamebuilder$__xinit_scroll_x$0_   gamebuilder
     00004D08  Fgamebuilder$__xinit_hud_line$0_   gamebuilder

ASxxxx Linker V03.00 + NoICE + sdld,  page 216.
Hexadecimal  [32-Bits]

Area                                    Addr        Size        Decimal Bytes (Attributes)
--------------------------------        ----        ----        ------- ----- ------------
_GSINIT                             00004D23    0000000C =          12. bytes (REL,CON)

      Value  Global                              Global Defined In Module
      -----  --------------------------------   ------------------------
     00004D23  gsinit                             Runtime

ASxxxx Linker V03.00 + NoICE + sdld,  page 217.
Hexadecimal  [32-Bits]

Area                                    Addr        Size        Decimal Bytes (Attributes)
--------------------------------        ----        ----        ------- ----- ------------
_GSFINAL                            00004D2F    00000001 =           1. bytes (REL,CON)

      Value  Global                              Global Defined In Module
      -----  --------------------------------   ------------------------
ASxxxx Linker V03.00 + NoICE + sdld,  page 218.
Hexadecimal  [32-Bits]

Area                                    Addr        Size        Decimal Bytes (Attributes)
--------------------------------        ----        ----        ------- ----- ------------
_DATA                               0000C0A0    000010EE =        4334. bytes (REL,CON)

      Value  Global                              Global Defined In Module
      -----  --------------------------------   ------------------------
     0000C0A0  __cpu                              Runtime
     0000C0A1  __is_GBA                           Runtime
     0000C0A2  .mode                              Runtime
     0000C0A3  .sys_time                          Runtime
     0000C0A3  _sys_time                          Runtime
     0000C0A5  .int_0x40                          Runtime
     0000C0B9  gbt_playing                        
     0000C0BA  gbt_song                           
     0000C0BC  gbt_bank                           
     0000C0BD  gbt_speed                          
     0000C0BE  gbt_temp_play_data                 
     0000C0CA  gbt_loop_enabled                   
     0000C0CB  gbt_ticks_elapsed                  
     0000C0CC  gbt_current_step                   
     0000C0CD  gbt_current_pattern                
     0000C0CE  gbt_current_step_data_ptr          
     0000C0D0  gbt_channels_enabled               
     0000C0D1  gbt_pan                            
     0000C0D5  gbt_vol                            
     0000C0D9  gbt_instr                          
     0000C0DD  gbt_freq                           
     0000C0E3  gbt_channel3_loaded_instrument     
     0000C0E4  gbt_arpeggio_freq_index            
     0000C0ED  gbt_arpeggio_enabled               
     0000C0F0  gbt_arpeggio_tick                  
     0000C0F3  gbt_cut_note_tick                  
     0000C0F7  gbt_have_to_stop_next_step         
     0000C0F8  gbt_update_pattern_pointers        
     0000C0F9  G$background_map_3$0_0$0           collisions
     0000C0F9  _background_map_3                  collisions
     0000C0FB  G$elements$0_0$0                   elementsbuilder
     0000C0FB  _elements                          elementsbuilder
     0000C3CB  G$background_map_2$0_0$0           elementsbuilder
     0000C3CB  _background_map_2                  elementsbuilder
     0000C3CD  G$elements_map$0_0$0               elementsbuilder
     0000C3CD  _elements_map                      elementsbuilder
     0000C3CF  G$background_map_1$0_0$0           background
     0000C3CF  _background_map_1                  background
     0000C3D1  G$stars$0_0$0                      background
     0000C3D1  _stars                             background
     0000C421  G$min_font$0_0$0                   gamebuilder
     0000C421  _min_font                          gamebuilder
     0000C423  G$background_map$0_0$0             gamebuilder
     0000C423  _background_map                    gamebuilder
     0000C425  Fworld$level_1$0_0$0               world
     0000C463  G$background_map_cpy$0_0$0         world
     0000C463  _background_map_cpy                world
     0000D0E3  font_current                       font.ms
     0000D0E6  font_first_free_tile               font.ms
     0000D0E7  font_table                         font.ms
ASxxxx Linker V03.00 + NoICE + sdld,  page 219.
Hexadecimal  [32-Bits]

Area                                    Addr        Size        Decimal Bytes (Attributes)
--------------------------------        ----        ----        ------- ----- ------------
_DATA                               0000C0A0    000010EE =        4334. bytes (REL,CON)

      Value  Global                              Global Defined In Module
      -----  --------------------------------   ------------------------
     0000D0F9  ___rand_seed                       
     0000D0FB  .image_tile_width                  SetTileSubmap
     0000D0FC  .int_0x48                          

ASxxxx Linker V03.00 + NoICE + sdld,  page 220.
Hexadecimal  [32-Bits]

Area                                    Addr        Size        Decimal Bytes (Attributes)
--------------------------------        ----        ----        ------- ----- ------------
_INITIALIZED                        0000D18E    0000002F =          47. bytes (REL,CON)

      Value  Global                              Global Defined In Module
      -----  --------------------------------   ------------------------
     0000D18E  G$song_Data$0_0$0                  output
     0000D18E  _song_Data                         output
     0000D196  Fsound$requested_sound$0_0$0       sound
     0000D197  Fsplash$__EMU_PROFILER_INIT$0_0$   splash
     0000D199  Felementsbuilder$__EMU_PROFILER_   elementsbuilder
     0000D19B  Felementsbuilder$currentStopFram   elementsbuilder
     0000D19C  Felementsbuilder$currentEnemyFra   elementsbuilder
     0000D19D  Felementsbuilder$timeBetweenShoo   elementsbuilder
     0000D19E  Felementsbuilder$clash$0_0$0       elementsbuilder
     0000D19F  Felementsbuilder$intermitentFram   elementsbuilder
     0000D1A0  G$scroll_x$0_0$0                   gamebuilder
     0000D1A0  _scroll_x                          gamebuilder
     0000D1A2  G$hud_line$0_0$0                   gamebuilder
     0000D1A2  _hud_line                          gamebuilder
     0000D1B6  .curx                              font.ms
     0000D1B7  .cury                              font.ms
     0000D1B8  __submap_tile_offset               SetTileSubmap
     0000D1B9  .fg_colour                         
     0000D1B9  __current_1bpp_colors              
     0000D1BA  .bg_colour                         
     0000D1BB  .draw_mode                         
     0000D1BC  __map_tile_offset                  SetTileMap

ASxxxx Linker V03.00 + NoICE + sdld,  page 221.
Hexadecimal  [32-Bits]

Area                                    Addr        Size        Decimal Bytes (Attributes)
--------------------------------        ----        ----        ------- ----- ------------
_HRAM12                             00000000    00000003 =           3. bytes (ABS,CON)

      Value  Global                              Global Defined In Module
      -----  --------------------------------   ------------------------
     0000FF90  __current_bank                     Runtime
     0000FF92  __shadow_OAM_base                  Runtime

ASxxxx Linker V03.00 + NoICE + sdld,  page 222.
Hexadecimal  [32-Bits]

Area                                    Addr        Size        Decimal Bytes (Attributes)
--------------------------------        ----        ----        ------- ----- ------------
_CODE_2                             00024000    00000138 =         312. bytes (REL,CON)

      Value  Global                              Global Defined In Module
      -----  --------------------------------   ------------------------
     00024000  G$song0$0_0$0                      output
     00024000  _song0                             output

ASxxxx Linker V03.00 + NoICE + sdld,  page 223.
Hexadecimal  [32-Bits]

Area                                    Addr        Size        Decimal Bytes (Attributes)
--------------------------------        ----        ----        ------- ----- ------------
_CODE_1                             00014000    00000671 =        1649. bytes (REL,CON)

      Value  Global                              Global Defined In Module
      -----  --------------------------------   ------------------------
     0001412C  gbt_channel_1_handle               
     00014283  gbt_channel_2_handle               
     000143D6  gbt_channel_3_handle               
     00014548  gbt_channel_4_handle               
     00014638  gbt_update_bank1                   
     00014654  gbt_update_effects_bank1           
ASxxxx Linker V03.00 + NoICE + sdld,  page 224.
Hexadecimal  [32-Bits]

Area                                    Addr        Size        Decimal Bytes (Attributes)
--------------------------------        ----        ----        ------- ----- ------------
_CODE_4                             00044000    00000698 =        1688. bytes (REL,CON)

      Value  Global                              Global Defined In Module
      -----  --------------------------------   ------------------------
     00044000  G$splash_map$0_0$0                 splash_map
     00044000  _splash_map                        splash_map
     00044168  G$splash_tile_map$0_0$0            splash_tile_map
     00044168  _splash_tile_map                   splash_tile_map

ASxxxx Linker V03.00 + NoICE + sdld,  page 225.
Hexadecimal  [32-Bits]

Area                                    Addr        Size        Decimal Bytes (Attributes)
--------------------------------        ----        ----        ------- ----- ------------
_CODE_3                             00034000    00001430 =        5168. bytes (REL,CON)

      Value  Global                              Global Defined In Module
      -----  --------------------------------   ------------------------
     00034000  G$background_map_levelone$0_0$0    level_1
     00034000  _background_map_levelone           level_1
     00034C80  G$tile_background_map$0_0$0        level_1_tiles_2
     00034C80  _tile_background_map               level_1_tiles_2

ASxxxx Linker V03.00 + NoICE + sdld,  page 226.
Hexadecimal  [32-Bits]

Area                                    Addr        Size        Decimal Bytes (Attributes)
--------------------------------        ----        ----        ------- ----- ------------
_CODE_5                             00054000    000005C0 =        1472. bytes (REL,CON)

      Value  Global                              Global Defined In Module
      -----  --------------------------------   ------------------------
     00054000  G$sprites_videogame$0_0$0          Sprites
     00054000  _sprites_videogame                 Sprites

ASxxxx Linker V03.00 + NoICE + sdld,  page 227.
Hexadecimal  [32-Bits]

Area                                    Addr        Size        Decimal Bytes (Attributes)
--------------------------------        ----        ----        ------- ----- ------------
_FONT_HEADER0                       00000000    00000003 =           3. bytes (ABS,CON)

      Value  Global                              Global Defined In Module
      -----  --------------------------------   ------------------------
ASxxxx Linker V03.00 + NoICE + sdld,  page 228.
Hexadecimal  [32-Bits]

Area                                    Addr        Size        Decimal Bytes (Attributes)
--------------------------------        ----        ----        ------- ----- ------------
_EMU_HEADER0                        00000000    00000003 =           3. bytes (ABS,CON)

      Value  Global                              Global Defined In Module
      -----  --------------------------------   ------------------------
ASxxxx Linker V03.00 + NoICE + sdld,  page 229.
Hexadecimal  [32-Bits]

Area                                    Addr        Size        Decimal Bytes (Attributes)
--------------------------------        ----        ----        ------- ----- ------------
_HEADER_LCD0                        00000000    00000003 =           3. bytes (ABS,CON)

      Value  Global                              Global Defined In Module
      -----  --------------------------------   ------------------------
ASxxxx Linker V03.00 + NoICE + sdld,  page 230.

Files Linked                              [ module(s) ]

D:\workspaces\workspaceGameBoy\gbdk-2020\lib/small/asxxxx/gb/crt0.o
                                          [ Runtime ]
D:\workspace-gameboy\workspace-final-2\output.o
                                          [ output ]
D:\workspace-gameboy\workspace-final-2\gbt_player.o
                                          [  ]
D:\workspace-gameboy\workspace-final-2\gbt_player_bank1.o
                                          [  ]
D:\workspace-gameboy\workspace-final-2\sound.o
                                          [ sound ]
D:\workspace-gameboy\workspace-final-2\global.o
                                          [ global ]
D:\workspace-gameboy\workspace-final-2\splash_map.o
                                          [ splash_map ]
D:\workspace-gameboy\workspace-final-2\splash_tile_map.o
                                          [ splash_tile_map ]
D:\workspace-gameboy\workspace-final-2\splash.o
                                          [ splash ]
D:\workspace-gameboy\workspace-final-2\main.o
                                          [ main ]
D:\workspace-gameboy\workspace-final-2\game.o
                                          [ game ]
D:\workspace-gameboy\workspace-final-2\captions.o
                                          [ captions ]
D:\workspace-gameboy\workspace-final-2\collisions.o
                                          [ collisions ]
D:\workspace-gameboy\workspace-final-2\elementsbuilder.o
                                          [ elementsbuilder ]
D:\workspace-gameboy\workspace-final-2\background.o
                                          [ background ]
D:\workspace-gameboy\workspace-final-2\gamebuilder.o
                                          [ gamebuilder ]
D:\workspace-gameboy\workspace-final-2\level_1.o
                                          [ level_1 ]
D:\workspace-gameboy\workspace-final-2\level_1_tiles_2.o
                                          [ level_1_tiles_2 ]
D:\workspace-gameboy\workspace-final-2\world.o
                                          [ world ]
D:\workspace-gameboy\workspace-final-2\Sprites.o
                                          [ Sprites ]


Libraries Linked                          [ object file ]

D:\workspaces\workspaceGameBoy\gbdk-2020\lib/small/asxxxx/gb/gb.lib
                                          [ font.o ]
D:\workspaces\workspaceGameBoy\gbdk-2020\lib/small/asxxxx/gbz80/gbz80.lib
                                          [ div.o ]
D:\workspaces\workspaceGameBoy\gbdk-2020\lib/small/asxxxx/gbz80/gbz80.lib
                                          [ rand.o ]
D:\workspaces\workspaceGameBoy\gbdk-2020\lib/small/asxxxx/gb/gb.lib
                                          [ set_1bit_data.o ]
D:\workspaces\workspaceGameBoy\gbdk-2020\lib/small/asxxxx/gb/gb.lib
                                          [ sfr.o ]
D:\workspaces\workspaceGameBoy\gbdk-2020\lib/small/asxxxx/gb/gb.lib
                                          [ emu_debug.o ]
D:\workspaces\workspaceGameBoy\gbdk-2020\lib/small/asxxxx/gb/gb.lib
                                          [ get_tile.o ]
D:\workspaces\workspaceGameBoy\gbdk-2020\lib/small/asxxxx/gb/gb.lib
                                          [ set_wi_t.o ]
D:\workspaces\workspaceGameBoy\gbdk-2020\lib/small/asxxxx/gb/gb.lib
                                          [ set_data.o ]
D:\workspaces\workspaceGameBoy\gbdk-2020\lib/small/asxxxx/gb/gb.lib
                                          [ set_tile_submap.o ]
D:\workspaces\workspaceGameBoy\gbdk-2020\lib/small/asxxxx/gb/gb.lib
                                          [ pad.o ]
D:\workspaces\workspaceGameBoy\gbdk-2020\lib/small/asxxxx/gb/gb.lib
                                          [ fill_rect_bk.o ]
D:\workspaces\workspaceGameBoy\gbdk-2020\lib/small/asxxxx/gb/gb.lib
                                          [ color.o ]
D:\workspaces\workspaceGameBoy\gbdk-2020\lib/small/asxxxx/gbz80/gbz80.lib
                                          [ _memcpy.o ]
D:\workspaces\workspaceGameBoy\gbdk-2020\lib/small/asxxxx/gb/gb.lib
                                          [ drawing_isr.o ]
D:\workspaces\workspaceGameBoy\gbdk-2020\lib/small/asxxxx/gb/gb.lib
                                          [ lcd.o ]
D:\workspaces\workspaceGameBoy\gbdk-2020\lib/small/asxxxx/gb/gb.lib
                                          [ f_ibm_sh.o ]
D:\workspaces\workspaceGameBoy\gbdk-2020\lib/small/asxxxx/gb/gb.lib
                                          [ emu_debug_printf.o ]
D:\workspaces\workspaceGameBoy\gbdk-2020\lib/small/asxxxx/gb/gb.lib
                                          [ f_min.o ]
D:\workspaces\workspaceGameBoy\gbdk-2020\lib/small/asxxxx/gb/gb.lib
                                          [ set_bk_t.o ]
D:\workspaces\workspaceGameBoy\gbdk-2020\lib/small/asxxxx/gb/gb.lib
                                          [ set_xy_t.o ]
D:\workspaces\workspaceGameBoy\gbdk-2020\lib/small/asxxxx/gb/gb.lib
                                          [ fill_rect.o ]
D:\workspaces\workspaceGameBoy\gbdk-2020\lib/small/asxxxx/gbz80/gbz80.lib
                                          [ sprintf.o ]
D:\workspaces\workspaceGameBoy\gbdk-2020\lib/small/asxxxx/gbz80/gbz80.lib
                                          [ __sdcc_call_hl.o ]
D:\workspaces\workspaceGameBoy\gbdk-2020\lib/small/asxxxx/gbz80/gbz80.lib
                                          [ itoa.o ]

ASxxxx Linker V03.00 + NoICE + sdld,  page 231.

User Base Address Definitions

_DATA=0xC0A0
_CODE=0x0200
ASxxxx Linker V03.00 + NoICE + sdld,  page 232.

User Global Definitions

_shadow_OAM=0xC000
.STACK=0xE000
.refresh_OAM=0xFF80

